// Jest Snapshot v1, https://goo.gl/fbAQLP

exports[`CardDetaild component should matches snapshot when data is loaded 1`] = `
<RCTSafeAreaView
  style={
    {
      "backgroundColor": "#ffffff",
      "flexBasis": 0,
      "flexGrow": 1,
      "flexShrink": 1,
      "paddingBottom": 0,
      "paddingLeft": 8,
      "paddingRight": 8,
      "paddingTop": 0,
    }
  }
>
  <ActivityIndicator
    testID="activity-indicator"
  />
</RCTSafeAreaView>
`;
